Reference dataset Microsoft Roads does not cover area-of-interest.  Comparison could not be made.
