Berechne ob das Kartieren gesättigt ist. Bei hohe Sättigung ist die Steigung der Kurve minimal.
