Comparison could not be made. EUBUCCO does not cover your area-of-interest. Microsoft Buildings does not cover your area-of-interest.
