59.7% of all "building count" features (all: 30237 elements) in your area of interest have the selected additional attribute Height (matched: 18057 elements). 
