In your area-of-interest the thematic accuracy of CORINE Land Cover (CLC) class <em>Pastures</em> is 47.95 % (low agreement between OSM and CORINE). This suggests that OSM has a poor classification quality or incomplete land cover data. The <a href="https://en.wikipedia.org/wiki/F-score">F1-Score</a> is used as statistical metric which considers both the correctness and completeness of the land cover categories.
