              precision    recall  f1-score   support

           0       0.00      0.00      0.00       0.0
          11       0.00      0.00      0.00 0.14340782145309933
          12       0.00      0.00      0.00 0.13019462173601964
          14       0.00      0.00      0.00 0.007155517444650643
          21       0.00      0.00      0.00 0.47997112021543
          22       0.00      0.00      0.00 0.04575984054955154
          23       0.75      0.44      0.55 6.712711587504546
          31       0.00      0.00      0.00 0.16581546822157325
          32       0.00      0.00      0.00 0.028114050304730888

    accuracy                           0.38 7.7131300274296
   macro avg       0.08      0.05      0.06 7.7131300274296
weighted avg       0.65      0.38      0.48 7.7131300274296
