The F1-score could not be calculated, possibly due to missing or incompatible data in the selected region. No intersecting land cover area were found in the area of interest.
