In the area of interest 87% of the features (779.9 km) were edited (created or modified) for the last time in the period between Oct 2021 and Sep 2025.
Most features are up-to-date.
