Please note that there was no mapping activity for 13 months in this region. In the area of interest 52% of the features (30) were edited (created or modified) for the last time in the period between Aug 2022 and Jul 2025.
Most features are up-to-date.
