{
    "data": [
        {
            "hoverinfo": "text",
            "hovertext": "OSM Covered: 0.02 km (Apr 05, 2024)",
            "marker": {
                "color": "#767676",
                "line": {
                    "color": "#767676",
                    "width": 1
                }
            },
            "name": "80.0% 'of Microsoft Roads are matched by OSM",
            "type": "bar",
            "width": 0.4,
            "x": [
                "Microsoft Roads"
            ],
            "y": [
                80.0
            ]
        },
        {
            "hoverinfo": "text",
            "hovertext": "Not OSM Covered: 0.01 km (Apr 05, 2024)",
            "marker": {
                "color": "rgba(0,0,0,0)",
                "line": {
                    "color": "#767676",
                    "width": 1
                }
            },
            "name": "20.0% of Microsoft Roads are not matched by OSM",
            "textposition": "outside",
            "type": "bar",
            "width": 0.4,
            "x": [
                "Microsoft Roads"
            ],
            "y": [
                20.0
            ]
        }
    ],
    "layout": {
        "barmode": "stack",
        "legend": {
            "entrywidth": 270,
            "orientation": "h",
            "x": 0.5,
            "xanchor": "center",
            "y": -0.1,
            "yanchor": "top"
        },
        "title": {
            "text": "Road Comparison"
        },
        "yaxis": {
            "title": {
                "text": "Matched road length [%]"
            }
        }
    }
}
