Please note that there was no mapping activity for 13 months in this region. In the area of interest 55% of the 30 features were edited (created or modified) for the last time in the period between 02 Feb 2022 and 02 Feb 2025.
Most features are up-to-date.
