{
    "data": [
        {
            "text": {
                "bdata": "AAAAAAAAAAAAAAAAAAAAAAAAAAAAAAAAAAAAAAAAAAAAAAAAAAAAAAAAAAAAAAAAAAAAAAAAAAAAAAAAAAAAAAAAAAAAAAAAAAAAAAAAAAAAAAAAAAAAAAAAAAAAAAAAAAAAAAAAAACmkcRV06BLP0olMWoR3ss/zA77glzegj+68uxgogBAP4KPMWEu0H0/jcaPPOkDRj+wjp+FKhZOP7e7rkPZoGU/AAAAAAAAAACg0r+jRsN9P2y9msjY3HM/AAAAAAAAAAAAAAAAAAAAAGkp7/zD01c/y9aEqJJzcT/Sg2p30eqzP/xKvKwRWjw/5PUwxSRAPz/eBzutwn9SPwAAAAAAAAAA33AI47KiYz8AAAAAAAAAAKei4PDAglU/PcVg4fcvOD8AAAAAAAAAAAAAAAAAAAAAAAAAAAAAAAAAAAAAAAAAAAAAAAAAAAAAAAAAAAAAAAAAAAAAAAAAAAAAAAAAAAAAAAAAAAAAAAAAAAAAAAAAAAAAAAAAAAAAAAAAAAAAAAAAAAAAAAAAAAAAAAAAAAAAAAAAAAAAAABw2dd23WPIPjGBkIUroBI/2x41JhKNST/diKFDvTRCPxZZYwCYtmY//WuO3sRSOj8AAAAAAAAAAOfn1XNKRCE/AAAAAAAAAADF3J1c8TZMPzNvYwZEv1E/AAAAAAAAAAAAAAAAAAAAAC/k8cPG2VE/VRljeTDYbj9WWkLCC4lxP4FCspdAMEk/n9g4mM2EYj+iYGrw5qPQP/iDYXwQ7U0/+//TkdAYgj8AAAAAAAAAAKv/U61Um2w//Pb9pP09OD/FCaYwZJ4SPwAAAAAAAAAAAAAAAAAAAACW7aDjqrJDPwAAAAAAAAAA63/MlfmiwT6f/ajsEoRmP+LF2907xTA/C7C73mCMoD8KgI2//JpLPwAAAAAAAAAALJSVDFPOdj8AAAAAAAAAAAAAAAAAAAAAAAAAAAAAAAA8HRiR/K3LPiAuu/iZCWE/nqAn33CaUD8AAAAAAAAAAIBsb8eGCm0/6eC9PTQeoj+yhKMvUOqDP8p1ys9TpKs/AAAAAAAAAACULDbIXMiRP9BhfnZLNz8/AAAAAAAAAAAAAAAAAAAAAAAAAAAAAAAAY1Eig2VEPD8AAAAAAAAAAAAAAAAAAAAA0imRmR100T4AAAAAAAAAAMZK02mtGDo/AAAAAAAAAAAAAAAAAAAAAEES9Sua9Uc/AAAAAAAAAAAAAAAAAAAAAAAAAAAAAAAAAAAAAAAAAAByIN4Ng89iP6Nlcc+mrAM/yRyFBX0GID/DFUPToExiPw+y6Qo+wG8/veueQYiWaz94zzbw/AFpPwAAAAAAAAAAxkr8IfTMxj+yCkOYxDfxPgAAAAAAAAAAAAAAAAAAAAAAAAAAAAAAAKBtoKg8Vz4/AAAAAAAAAAAAAAAAAAAAAGkYRQyndRg/AAAAAAAAAACP0JXlWthlPwjf/IfV9UA/AAAAAAAAAACOPIPvqmtQPwAAAAAAAAAAAAAAAAAAAAAAAAAAAAAAAAAAAAAAAAAAAAAAAAAAAAAAAAAAAAAAAAAAAAAAAAAAAAAAAAAAAAAAAAAAAAAAAAAAAAAAAAAAAAAAAAAAAAAAAAAAAAAAAAAAAAAAAAAAAAAAAAAAAAAAAAAAAAAAAAAAAAAAAAAAAAAAAAAAAAAAAAAAAAAAAAAAAAAAAAAAAURFiycyNT8AAAAAAAAAAPG1UCgMocA+AAAAAAAAAAAAAAAAAAAAAAAAAAAAAAAAHwUGmvihMj8AAAAAAAAAAAAAAAAAAAAAAAAAAAAAAAA=",
                "dtype": "f8",
                "shape": "13, 13"
            },
            "textfont": {
                "size": 12
            },
            "texttemplate": "%{text:.1f}",
            "type": "heatmap",
            "z": {
                "bdata": "AAAAAAAAAAAAAAAAAAAAAAAAAAAAAAAAAAAAAAAAAAAAAAAAAAAAAAAAAAAAAAAAAAAAAAAAAAAAAAAAAAAAAAAAAAAAAAAAAAAAAAAAAAAAAAAAAAAAAAAAAAAAAAAAAAAAAAAAAACmkcRV06BLP0olMWoR3ss/zA77glzegj+68uxgogBAP4KPMWEu0H0/jcaPPOkDRj+wjp+FKhZOP7e7rkPZoGU/AAAAAAAAAACg0r+jRsN9P2y9msjY3HM/AAAAAAAAAAAAAAAAAAAAAGkp7/zD01c/y9aEqJJzcT/Sg2p30eqzP/xKvKwRWjw/5PUwxSRAPz/eBzutwn9SPwAAAAAAAAAA33AI47KiYz8AAAAAAAAAAKei4PDAglU/PcVg4fcvOD8AAAAAAAAAAAAAAAAAAAAAAAAAAAAAAAAAAAAAAAAAAAAAAAAAAAAAAAAAAAAAAAAAAAAAAAAAAAAAAAAAAAAAAAAAAAAAAAAAAAAAAAAAAAAAAAAAAAAAAAAAAAAAAAAAAAAAAAAAAAAAAAAAAAAAAAAAAAAAAABw2dd23WPIPjGBkIUroBI/2x41JhKNST/diKFDvTRCPxZZYwCYtmY//WuO3sRSOj8AAAAAAAAAAOfn1XNKRCE/AAAAAAAAAADF3J1c8TZMPzNvYwZEv1E/AAAAAAAAAAAAAAAAAAAAAC/k8cPG2VE/VRljeTDYbj9WWkLCC4lxP4FCspdAMEk/n9g4mM2EYj+iYGrw5qPQP/iDYXwQ7U0/+//TkdAYgj8AAAAAAAAAAKv/U61Um2w//Pb9pP09OD/FCaYwZJ4SPwAAAAAAAAAAAAAAAAAAAACW7aDjqrJDPwAAAAAAAAAA63/MlfmiwT6f/ajsEoRmP+LF2907xTA/C7C73mCMoD8KgI2//JpLPwAAAAAAAAAALJSVDFPOdj8AAAAAAAAAAAAAAAAAAAAAAAAAAAAAAAA8HRiR/K3LPiAuu/iZCWE/nqAn33CaUD8AAAAAAAAAAIBsb8eGCm0/6eC9PTQeoj+yhKMvUOqDP8p1ys9TpKs/AAAAAAAAAACULDbIXMiRP9BhfnZLNz8/AAAAAAAAAAAAAAAAAAAAAAAAAAAAAAAAY1Eig2VEPD8AAAAAAAAAAAAAAAAAAAAA0imRmR100T4AAAAAAAAAAMZK02mtGDo/AAAAAAAAAAAAAAAAAAAAAEES9Sua9Uc/AAAAAAAAAAAAAAAAAAAAAAAAAAAAAAAAAAAAAAAAAAByIN4Ng89iP6Nlcc+mrAM/yRyFBX0GID/DFUPToExiPw+y6Qo+wG8/veueQYiWaz94zzbw/AFpPwAAAAAAAAAAxkr8IfTMxj+yCkOYxDfxPgAAAAAAAAAAAAAAAAAAAAAAAAAAAAAAAKBtoKg8Vz4/AAAAAAAAAAAAAAAAAAAAAGkYRQyndRg/AAAAAAAAAACP0JXlWthlPwjf/IfV9UA/AAAAAAAAAACOPIPvqmtQPwAAAAAAAAAAAAAAAAAAAAAAAAAAAAAAAAAAAAAAAAAAAAAAAAAAAAAAAAAAAAAAAAAAAAAAAAAAAAAAAAAAAAAAAAAAAAAAAAAAAAAAAAAAAAAAAAAAAAAAAAAAAAAAAAAAAAAAAAAAAAAAAAAAAAAAAAAAAAAAAAAAAAAAAAAAAAAAAAAAAAAAAAAAAAAAAAAAAAAAAAAAAURFiycyNT8AAAAAAAAAAPG1UCgMocA+AAAAAAAAAAAAAAAAAAAAAAAAAAAAAAAAHwUGmvihMj8AAAAAAAAAAAAAAAAAAAAAAAAAAAAAAAA=",
                "dtype": "f8",
                "shape": "13, 13"
            }
        }
    ],
    "layout": {
        "xaxis": {
            "title": {
                "text": "Corine Land Cover Class"
            }
        },
        "yaxis": {
            "title": {
                "text": "Corine Land Cover Class"
            }
        }
    }
}
