In the area of interest 52% of the 30773 features were edited (created or modified) for the last time in the period between Sep 2022 and Aug 2025.
Most features are up-to-date.
