In the area of interest 52% of the features (30418.0) were edited (created or modified) for the last time in the period between Aug 2022 and Jul 2025.
Most features are up-to-date.
