In the area of interest 52% of the features (30773) were edited (created or modified) for the last time in the period between Oct 2022 and Sep 2025.
Most features are up-to-date.
