{"data": [{"customdata": [[0, "10 Aug 2023", "10 Jul 2023"], [0, "10 Jul 2023", "10 Jun 2023"], [0, "10 Jun 2023", "10 Mai 2023"], [0, "10 Mai 2023", "10 Apr 2023"], [0, "10 Apr 2023", "10 M\u00e4r 2023"], [0, "10 M\u00e4r 2023", "10 Feb 2023"], [0, "10 Feb 2023", "10 Jan 2023"], [0, "10 Jan 2023", "10 Dez 2022"], [0, "10 Dez 2022", "10 Nov 2022"], [0, "10 Nov 2022", "10 Okt 2022"], [0, "10 Okt 2022", "10 Sep 2022"], [0, "10 Sep 2022", "10 Aug 2022"], [0, "10 Aug 2022", "10 Jul 2022"], [0, "10 Jul 2022", "10 Jun 2022"], [0, "10 Jun 2022", "10 Mai 2022"], [0, "10 Mai 2022", "10 Apr 2022"], [0, "10 Apr 2022", "10 M\u00e4r 2022"], [0, "10 M\u00e4r 2022", "10 Feb 2022"], [0, "10 Feb 2022", "10 Jan 2022"], [0, "10 Jan 2022", "10 Dez 2021"], [0, "10 Dez 2021", "10 Nov 2021"], [0, "10 Nov 2021", "10 Okt 2021"], [0, "10 Okt 2021", "10 Sep 2021"], [0, "10 Sep 2021", "10 Aug 2021"], [0, "10 Aug 2021", "10 Jul 2021"], [0, "10 Jul 2021", "10 Jun 2021"], [0, "10 Jun 2021", "10 Mai 2021"], [0, "10 Mai 2021", "10 Apr 2021"], [0, "10 Apr 2021", "10 M\u00e4r 2021"], [0, "10 M\u00e4r 2021", "10 Feb 2021"], [0, "10 Feb 2021", "10 Jan 2021"], [0, "10 Jan 2021", "10 Dez 2020"], [0, "10 Dez 2020", "10 Nov 2020"], [0, "10 Nov 2020", "10 Okt 2020"], [0, "10 Okt 2020", "10 Sep 2020"], [0, "10 Sep 2020", "10 Aug 2020"]], "hovertemplate": "%{y} of features (%{customdata[0]}) were last modified in the period from %{customdata[2]} to %{customdata[1]}<extra></extra>", "marker": {"color": "#21BA45"}, "name": "0.0% younger than 3 years", "x": ["2023-07-25T12:00:00Z", "2023-06-25T00:00:00Z", "2023-05-25T12:00:00Z", "2023-04-25T00:00:00Z", "2023-03-25T12:00:00Z", "2023-02-24T00:00:00Z", "2023-01-25T12:00:00Z", "2022-12-25T12:00:00Z", "2022-11-25T00:00:00Z", "2022-10-25T12:00:00Z", "2022-09-25T00:00:00Z", "2022-08-25T12:00:00Z", "2022-07-25T12:00:00Z", "2022-06-25T00:00:00Z", "2022-05-25T12:00:00Z", "2022-04-25T00:00:00Z", "2022-03-25T12:00:00Z", "2022-02-24T00:00:00Z", "2022-01-25T12:00:00Z", "2021-12-25T12:00:00Z", "2021-11-25T00:00:00Z", "2021-10-25T12:00:00Z", "2021-09-25T00:00:00Z", "2021-08-25T12:00:00Z", "2021-07-25T12:00:00Z", "2021-06-25T00:00:00Z", "2021-05-25T12:00:00Z", "2021-04-25T00:00:00Z", "2021-03-25T12:00:00Z", "2021-02-24T00:00:00Z", "2021-01-25T12:00:00Z", "2020-12-25T12:00:00Z", "2020-11-25T00:00:00Z", "2020-10-25T12:00:00Z", "2020-09-25T00:00:00Z", "2020-08-25T12:00:00Z"], "y": [0.0, 0.0, 0.0, 0.0, 0.0, 0.0, 0.0, 0.0, 0.0, 0.0, 0.0, 0.0, 0.0, 0.0, 0.0, 0.0, 0.0, 0.0, 0.0, 0.0, 0.0, 0.0, 0.0, 0.0, 0.0, 0.0, 0.0, 0.0, 0.0, 0.0, 0.0, 0.0, 0.0, 0.0, 0.0, 0.0], "type": "bar"}, {"hoverinfo": "skip", "marker": {"color": "#21BA45"}, "showlegend": false, "x": ["2023-07-25T12:00:00Z", "2023-06-25T00:00:00Z", "2023-05-25T12:00:00Z", "2023-04-25T00:00:00Z", "2023-03-25T12:00:00Z", "2023-02-24T00:00:00Z", "2023-01-25T12:00:00Z", "2022-12-25T12:00:00Z", "2022-11-25T00:00:00Z", "2022-10-25T12:00:00Z", "2022-09-25T00:00:00Z", "2022-08-25T12:00:00Z", "2022-07-25T12:00:00Z", "2022-06-25T00:00:00Z", "2022-05-25T12:00:00Z", "2022-04-25T00:00:00Z", "2022-03-25T12:00:00Z", "2022-02-24T00:00:00Z", "2022-01-25T12:00:00Z", "2021-12-25T12:00:00Z", "2021-11-25T00:00:00Z", "2021-10-25T12:00:00Z", "2021-09-25T00:00:00Z", "2021-08-25T12:00:00Z", "2021-07-25T12:00:00Z", "2021-06-25T00:00:00Z", "2021-05-25T12:00:00Z", "2021-04-25T00:00:00Z", "2021-03-25T12:00:00Z", "2021-02-24T00:00:00Z", "2021-01-25T12:00:00Z", "2020-12-25T12:00:00Z", "2020-11-25T00:00:00Z", "2020-10-25T12:00:00Z", "2020-09-25T00:00:00Z", "2020-08-25T12:00:00Z"], "y": [0, 0, 0, 0, 0, 0, 0, 0, 0, 0, 0, 0, 0, 0, 0, 0, 0, 0, 0, 0, 0, 0, 0, 0, 0, 0, 0, 0, 0, 0, 0, 0, 0, 0, 0, 0], "type": "bar", "xaxis": "x", "yaxis": "y2"}, {"customdata": [[0, "10 Aug 2020", "10 Jul 2020"], [0, "10 Jul 2020", "10 Jun 2020"], [0, "10 Jun 2020", "10 Mai 2020"], [0, "10 Mai 2020", "10 Apr 2020"], [0, "10 Apr 2020", "10 M\u00e4r 2020"], [0, "10 M\u00e4r 2020", "10 Feb 2020"], [0, "10 Feb 2020", "10 Jan 2020"], [0, "10 Jan 2020", "10 Dez 2019"], [0, "10 Dez 2019", "10 Nov 2019"], [0, "10 Nov 2019", "10 Okt 2019"], [0, "10 Okt 2019", "10 Sep 2019"], [0, "10 Sep 2019", "10 Aug 2019"], [0, "10 Aug 2019", "10 Jul 2019"], [0, "10 Jul 2019", "10 Jun 2019"], [0, "10 Jun 2019", "10 Mai 2019"], [0, "10 Mai 2019", "10 Apr 2019"], [0, "10 Apr 2019", "10 M\u00e4r 2019"], [0, "10 M\u00e4r 2019", "10 Feb 2019"], [0, "10 Feb 2019", "10 Jan 2019"], [0, "10 Jan 2019", "10 Dez 2018"], [0, "10 Dez 2018", "10 Nov 2018"], [0, "10 Nov 2018", "10 Okt 2018"], [0, "10 Okt 2018", "10 Sep 2018"], [0, "10 Sep 2018", "10 Aug 2018"], [0, "10 Aug 2018", "10 Jul 2018"], [0, "10 Jul 2018", "10 Jun 2018"], [0, "10 Jun 2018", "10 Mai 2018"], [0, "10 Mai 2018", "10 Apr 2018"], [0, "10 Apr 2018", "10 M\u00e4r 2018"], [0, "10 M\u00e4r 2018", "10 Feb 2018"], [0, "10 Feb 2018", "10 Jan 2018"], [0, "10 Jan 2018", "10 Dez 2017"], [0, "10 Dez 2017", "10 Nov 2017"], [0, "10 Nov 2017", "10 Okt 2017"], [0, "10 Okt 2017", "10 Sep 2017"], [0, "10 Sep 2017", "10 Aug 2017"], [0, "10 Aug 2017", "10 Jul 2017"], [0, "10 Jul 2017", "10 Jun 2017"], [0, "10 Jun 2017", "10 Mai 2017"], [0, "10 Mai 2017", "10 Apr 2017"], [0, "10 Apr 2017", "10 M\u00e4r 2017"], [0, "10 M\u00e4r 2017", "10 Feb 2017"], [0, "10 Feb 2017", "10 Jan 2017"], [0, "10 Jan 2017", "10 Dez 2016"], [0, "10 Dez 2016", "10 Nov 2016"], [0, "10 Nov 2016", "10 Okt 2016"], [0, "10 Okt 2016", "10 Sep 2016"], [0, "10 Sep 2016", "10 Aug 2016"], [0, "10 Aug 2016", "10 Jul 2016"], [0, "10 Jul 2016", "10 Jun 2016"], [0, "10 Jun 2016", "10 Mai 2016"], [0, "10 Mai 2016", "10 Apr 2016"], [0, "10 Apr 2016", "10 M\u00e4r 2016"], [0, "10 M\u00e4r 2016", "10 Feb 2016"], [0, "10 Feb 2016", "10 Jan 2016"], [0, "10 Jan 2016", "10 Dez 2015"], [0, "10 Dez 2015", "10 Nov 2015"], [0, "10 Nov 2015", "10 Okt 2015"], [0, "10 Okt 2015", "10 Sep 2015"], [0, "10 Sep 2015", "10 Aug 2015"]], "hovertemplate": "%{y} of features (%{customdata[0]}) were last modified in the period from %{customdata[2]} to %{customdata[1]}<extra></extra>", "marker": {"color": "#FBBD08"}, "name": "0.0% between 3 years and 8 years", "x": ["2020-07-25T12:00:00Z", "2020-06-25T00:00:00Z", "2020-05-25T12:00:00Z", "2020-04-25T00:00:00Z", "2020-03-25T12:00:00Z", "2020-02-24T12:00:00Z", "2020-01-25T12:00:00Z", "2019-12-25T12:00:00Z", "2019-11-25T00:00:00Z", "2019-10-25T12:00:00Z", "2019-09-25T00:00:00Z", "2019-08-25T12:00:00Z", "2019-07-25T12:00:00Z", "2019-06-25T00:00:00Z", "2019-05-25T12:00:00Z", "2019-04-25T00:00:00Z", "2019-03-25T12:00:00Z", "2019-02-24T00:00:00Z", "2019-01-25T12:00:00Z", "2018-12-25T12:00:00Z", "2018-11-25T00:00:00Z", "2018-10-25T12:00:00Z", "2018-09-25T00:00:00Z", "2018-08-25T12:00:00Z", "2018-07-25T12:00:00Z", "2018-06-25T00:00:00Z", "2018-05-25T12:00:00Z", "2018-04-25T00:00:00Z", "2018-03-25T12:00:00Z", "2018-02-24T00:00:00Z", "2018-01-25T12:00:00Z", "2017-12-25T12:00:00Z", "2017-11-25T00:00:00Z", "2017-10-25T12:00:00Z", "2017-09-25T00:00:00Z", "2017-08-25T12:00:00Z", "2017-07-25T12:00:00Z", "2017-06-25T00:00:00Z", "2017-05-25T12:00:00Z", "2017-04-25T00:00:00Z", "2017-03-25T12:00:00Z", "2017-02-24T00:00:00Z", "2017-01-25T12:00:00Z", "2016-12-25T12:00:00Z", "2016-11-25T00:00:00Z", "2016-10-25T12:00:00Z", "2016-09-25T00:00:00Z", "2016-08-25T12:00:00Z", "2016-07-25T12:00:00Z", "2016-06-25T00:00:00Z", "2016-05-25T12:00:00Z", "2016-04-25T00:00:00Z", "2016-03-25T12:00:00Z", "2016-02-24T12:00:00Z", "2016-01-25T12:00:00Z", "2015-12-25T12:00:00Z", "2015-11-25T00:00:00Z", "2015-10-25T12:00:00Z", "2015-09-25T00:00:00Z", "2015-08-25T12:00:00Z"], "y": [0.0, 0.0, 0.0, 0.0, 0.0, 0.0, 0.0, 0.0, 0.0, 0.0, 0.0, 0.0, 0.0, 0.0, 0.0, 0.0, 0.0, 0.0, 0.0, 0.0, 0.0, 0.0, 0.0, 0.0, 0.0, 0.0, 0.0, 0.0, 0.0, 0.0, 0.0, 0.0, 0.0, 0.0, 0.0, 0.0, 0.0, 0.0, 0.0, 0.0, 0.0, 0.0, 0.0, 0.0, 0.0, 0.0, 0.0, 0.0, 0.0, 0.0, 0.0, 0.0, 0.0, 0.0, 0.0, 0.0, 0.0, 0.0, 0.0, 0.0], "type": "bar"}, {"hoverinfo": "skip", "marker": {"color": "#FBBD08"}, "showlegend": false, "x": ["2020-07-25T12:00:00Z", "2020-06-25T00:00:00Z", "2020-05-25T12:00:00Z", "2020-04-25T00:00:00Z", "2020-03-25T12:00:00Z", "2020-02-24T12:00:00Z", "2020-01-25T12:00:00Z", "2019-12-25T12:00:00Z", "2019-11-25T00:00:00Z", "2019-10-25T12:00:00Z", "2019-09-25T00:00:00Z", "2019-08-25T12:00:00Z", "2019-07-25T12:00:00Z", "2019-06-25T00:00:00Z", "2019-05-25T12:00:00Z", "2019-04-25T00:00:00Z", "2019-03-25T12:00:00Z", "2019-02-24T00:00:00Z", "2019-01-25T12:00:00Z", "2018-12-25T12:00:00Z", "2018-11-25T00:00:00Z", "2018-10-25T12:00:00Z", "2018-09-25T00:00:00Z", "2018-08-25T12:00:00Z", "2018-07-25T12:00:00Z", "2018-06-25T00:00:00Z", "2018-05-25T12:00:00Z", "2018-04-25T00:00:00Z", "2018-03-25T12:00:00Z", "2018-02-24T00:00:00Z", "2018-01-25T12:00:00Z", "2017-12-25T12:00:00Z", "2017-11-25T00:00:00Z", "2017-10-25T12:00:00Z", "2017-09-25T00:00:00Z", "2017-08-25T12:00:00Z", "2017-07-25T12:00:00Z", "2017-06-25T00:00:00Z", "2017-05-25T12:00:00Z", "2017-04-25T00:00:00Z", "2017-03-25T12:00:00Z", "2017-02-24T00:00:00Z", "2017-01-25T12:00:00Z", "2016-12-25T12:00:00Z", "2016-11-25T00:00:00Z", "2016-10-25T12:00:00Z", "2016-09-25T00:00:00Z", "2016-08-25T12:00:00Z", "2016-07-25T12:00:00Z", "2016-06-25T00:00:00Z", "2016-05-25T12:00:00Z", "2016-04-25T00:00:00Z", "2016-03-25T12:00:00Z", "2016-02-24T12:00:00Z", "2016-01-25T12:00:00Z", "2015-12-25T12:00:00Z", "2015-11-25T00:00:00Z", "2015-10-25T12:00:00Z", "2015-09-25T00:00:00Z", "2015-08-25T12:00:00Z"], "y": [0, 0, 0, 0, 0, 0, 0, 0, 0, 0, 0, 0, 0, 0, 0, 0, 0, 0, 0, 0, 0, 0, 0, 0, 0, 0, 0, 0, 0, 0, 0, 0, 0, 0, 0, 0, 0, 0, 0, 0, 0, 0, 0, 0, 0, 0, 0, 0, 0, 0, 0, 0, 0, 0, 0, 0, 0, 0, 0, 0], "type": "bar", "xaxis": "x", "yaxis": "y2"}, {"customdata": [[22.0, "10 Aug 2015", "10 Jul 2015"], [77.0, "10 Jul 2015", "10 Jun 2015"], [23.0, "10 Jun 2015", "10 Mai 2015"], [122.0, "10 Mai 2015", "10 Apr 2015"], [90.0, "10 Apr 2015", "10 M\u00e4r 2015"], [116.0, "10 M\u00e4r 2015", "10 Feb 2015"], [387.0, "10 Feb 2015", "10 Jan 2015"], [567.0, "10 Jan 2015", "10 Dez 2014"], [168.0, "10 Dez 2014", "10 Nov 2014"], [193.0, "10 Nov 2014", "10 Okt 2014"], [398.0, "10 Okt 2014", "10 Sep 2014"], [675.0, "10 Sep 2014", "10 Aug 2014"], [247.0, "10 Aug 2014", "10 Jul 2014"], [128.0, "10 Jul 2014", "10 Jun 2014"], [105.0, "10 Jun 2014", "10 Mai 2014"], [117.0, "10 Mai 2014", "10 Apr 2014"], [414.0, "10 Apr 2014", "10 M\u00e4r 2014"], [531.0, "10 M\u00e4r 2014", "10 Feb 2014"], [324.0, "10 Feb 2014", "10 Jan 2014"], [775.0, "10 Jan 2014", "10 Dez 2013"], [152.0, "10 Dez 2013", "10 Nov 2013"], [70.0, "10 Nov 2013", "10 Okt 2013"], [84.0, "10 Okt 2013", "10 Sep 2013"], [100.0, "10 Sep 2013", "10 Aug 2013"], [64.0, "10 Aug 2013", "10 Jul 2013"], [1.0, "10 Jul 2013", "10 Jun 2013"], [101.0, "10 Jun 2013", "10 Mai 2013"], [224.0, "10 Mai 2013", "10 Apr 2013"], [122.0, "10 Apr 2013", "10 M\u00e4r 2013"], [48.0, "10 M\u00e4r 2013", "10 Feb 2013"], [29.0, "10 Feb 2013", "10 Jan 2013"], [25.0, "10 Jan 2013", "10 Dez 2012"], [25.0, "10 Dez 2012", "10 Nov 2012"], [12.0, "10 Nov 2012", "10 Okt 2012"], [67.0, "10 Okt 2012", "10 Sep 2012"], [18.0, "10 Sep 2012", "10 Aug 2012"], [190.0, "10 Aug 2012", "10 Jul 2012"], [22.0, "10 Jul 2012", "10 Jun 2012"], [40.0, "10 Jun 2012", "10 Mai 2012"], [22.0, "10 Mai 2012", "10 Apr 2012"], [2.0, "10 Apr 2012", "10 M\u00e4r 2012"], [5.0, "10 M\u00e4r 2012", "10 Feb 2012"], [12.0, "10 Feb 2012", "10 Jan 2012"], [4.0, "10 Jan 2012", "10 Dez 2011"], [1.0, "10 Dez 2011", "10 Nov 2011"], [0.0, "10 Nov 2011", "10 Okt 2011"], [10.0, "10 Okt 2011", "10 Sep 2011"], [41.0, "10 Sep 2011", "10 Aug 2011"], [25.0, "10 Aug 2011", "10 Jul 2011"], [8.0, "10 Jul 2011", "10 Jun 2011"], [1.0, "10 Jun 2011", "10 Mai 2011"], [7.0, "10 Mai 2011", "10 Apr 2011"], [7.0, "10 Apr 2011", "10 M\u00e4r 2011"], [34.0, "10 M\u00e4r 2011", "10 Feb 2011"], [50.0, "10 Feb 2011", "10 Jan 2011"], [73.0, "10 Jan 2011", "10 Dez 2010"], [8.0, "10 Dez 2010", "10 Nov 2010"], [0.0, "10 Nov 2010", "10 Okt 2010"], [7.0, "10 Okt 2010", "10 Sep 2010"], [0.0, "10 Sep 2010", "10 Aug 2010"], [0.0, "10 Aug 2010", "10 Jul 2010"], [0.0, "10 Jul 2010", "10 Jun 2010"], [0.0, "10 Jun 2010", "10 Mai 2010"], [0.0, "10 Mai 2010", "10 Apr 2010"], [0.0, "10 Apr 2010", "10 M\u00e4r 2010"], [1.0, "10 M\u00e4r 2010", "10 Feb 2010"], [0.0, "10 Feb 2010", "10 Jan 2010"], [0.0, "10 Jan 2010", "10 Dez 2009"], [0.0, "10 Dez 2009", "10 Nov 2009"], [1.0, "10 Nov 2009", "10 Okt 2009"], [0.0, "10 Okt 2009", "10 Sep 2009"], [0.0, "10 Sep 2009", "10 Aug 2009"], [3.0, "10 Aug 2009", "10 Jul 2009"], [0.0, "10 Jul 2009", "10 Jun 2009"], [0.0, "10 Jun 2009", "10 Mai 2009"], [0.0, "10 Mai 2009", "10 Apr 2009"], [0.0, "10 Apr 2009", "10 M\u00e4r 2009"], [0.0, "10 M\u00e4r 2009", "10 Feb 2009"], [0.0, "10 Feb 2009", "10 Jan 2009"], [1.0, "10 Jan 2009", "10 Dez 2008"], [0.0, "10 Dez 2008", "10 Nov 2008"], [2.0, "10 Nov 2008", "10 Okt 2008"], [0.0, "10 Okt 2008", "10 Sep 2008"], [0.0, "10 Sep 2008", "10 Aug 2008"]], "hovertemplate": "%{y} of features (%{customdata[0]}) were last modified in the period from %{customdata[2]} to %{customdata[1]}<extra></extra>", "marker": {"color": "#DB2828"}, "name": "100.0% older than 8 years", "x": ["2015-07-25T12:00:00Z", "2015-06-25T00:00:00Z", "2015-05-25T12:00:00Z", "2015-04-25T00:00:00Z", "2015-03-25T12:00:00Z", "2015-02-24T00:00:00Z", "2015-01-25T12:00:00Z", "2014-12-25T12:00:00Z", "2014-11-25T00:00:00Z", "2014-10-25T12:00:00Z", "2014-09-25T00:00:00Z", "2014-08-25T12:00:00Z", "2014-07-25T12:00:00Z", "2014-06-25T00:00:00Z", "2014-05-25T12:00:00Z", "2014-04-25T00:00:00Z", "2014-03-25T12:00:00Z", "2014-02-24T00:00:00Z", "2014-01-25T12:00:00Z", "2013-12-25T12:00:00Z", "2013-11-25T00:00:00Z", "2013-10-25T12:00:00Z", "2013-09-25T00:00:00Z", "2013-08-25T12:00:00Z", "2013-07-25T12:00:00Z", "2013-06-25T00:00:00Z", "2013-05-25T12:00:00Z", "2013-04-25T00:00:00Z", "2013-03-25T12:00:00Z", "2013-02-24T00:00:00Z", "2013-01-25T12:00:00Z", "2012-12-25T12:00:00Z", "2012-11-25T00:00:00Z", "2012-10-25T12:00:00Z", "2012-09-25T00:00:00Z", "2012-08-25T12:00:00Z", "2012-07-25T12:00:00Z", "2012-06-25T00:00:00Z", "2012-05-25T12:00:00Z", "2012-04-25T00:00:00Z", "2012-03-25T12:00:00Z", "2012-02-24T12:00:00Z", "2012-01-25T12:00:00Z", "2011-12-25T12:00:00Z", "2011-11-25T00:00:00Z", "2011-10-25T12:00:00Z", "2011-09-25T00:00:00Z", "2011-08-25T12:00:00Z", "2011-07-25T12:00:00Z", "2011-06-25T00:00:00Z", "2011-05-25T12:00:00Z", "2011-04-25T00:00:00Z", "2011-03-25T12:00:00Z", "2011-02-24T00:00:00Z", "2011-01-25T12:00:00Z", "2010-12-25T12:00:00Z", "2010-11-25T00:00:00Z", "2010-10-25T12:00:00Z", "2010-09-25T00:00:00Z", "2010-08-25T12:00:00Z", "2010-07-25T12:00:00Z", "2010-06-25T00:00:00Z", "2010-05-25T12:00:00Z", "2010-04-25T00:00:00Z", "2010-03-25T12:00:00Z", "2010-02-24T00:00:00Z", "2010-01-25T12:00:00Z", "2009-12-25T12:00:00Z", "2009-11-25T00:00:00Z", "2009-10-25T12:00:00Z", "2009-09-25T00:00:00Z", "2009-08-25T12:00:00Z", "2009-07-25T12:00:00Z", "2009-06-25T00:00:00Z", "2009-05-25T12:00:00Z", "2009-04-25T00:00:00Z", "2009-03-25T12:00:00Z", "2009-02-24T00:00:00Z", "2009-01-25T12:00:00Z", "2008-12-25T12:00:00Z", "2008-11-25T00:00:00Z", "2008-10-25T12:00:00Z", "2008-09-25T00:00:00Z", "2008-08-25T12:00:00Z"], "y": [0.0030564045568213394, 0.010697415948874687, 0.0031953320366768546, 0.01694915254237288, 0.012503473186996388, 0.01611558766323979, 0.053764934704084465, 0.07877188107807724, 0.02333981661572659, 0.026813003612114476, 0.05529313698249514, 0.0937760489024729, 0.03431508752431231, 0.017782717421505972, 0.01458738538482912, 0.016254515143095304, 0.057515976660183384, 0.07377049180327869, 0.045012503473187, 0.10766879688802446, 0.021116976938038344, 0.009724923589886079, 0.011669908307863295, 0.013892747985551542, 0.008891358710752986, 0.0001389274798555154, 0.014031675465407057, 0.031119755487635455, 0.01694915254237288, 0.0066685190330647405, 0.0040288969158099475, 0.0034731869963878855, 0.0034731869963878855, 0.0016671297582661851, 0.009308141150319534, 0.0025006946373992774, 0.02639622117254793, 0.0030564045568213394, 0.005557099194220617, 0.0030564045568213394, 0.0002778549597110308, 0.0006946373992775772, 0.0016671297582661851, 0.0005557099194220616, 0.0001389274798555154, 0.0, 0.0013892747985551543, 0.0056960266740761325, 0.0034731869963878855, 0.0011114198388441233, 0.0001389274798555154, 0.000972492358988608, 0.000972492358988608, 0.004723534315087524, 0.006946373992775771, 0.010141706029452626, 0.0011114198388441233, 0.0, 0.000972492358988608, 0.0, 0.0, 0.0, 0.0, 0.0, 0.0, 0.0001389274798555154, 0.0, 0.0, 0.0, 0.0001389274798555154, 0.0, 0.0, 0.0004167824395665463, 0.0, 0.0, 0.0, 0.0, 0.0, 0.0, 0.0001389274798555154, 0.0, 0.0002778549597110308, 0.0, 0.0], "type": "bar"}, {"hoverinfo": "skip", "marker": {"color": "#DB2828"}, "showlegend": false, "x": ["2015-07-25T12:00:00Z", "2015-06-25T00:00:00Z", "2015-05-25T12:00:00Z", "2015-04-25T00:00:00Z", "2015-03-25T12:00:00Z", "2015-02-24T00:00:00Z", "2015-01-25T12:00:00Z", "2014-12-25T12:00:00Z", "2014-11-25T00:00:00Z", "2014-10-25T12:00:00Z", "2014-09-25T00:00:00Z", "2014-08-25T12:00:00Z", "2014-07-25T12:00:00Z", "2014-06-25T00:00:00Z", "2014-05-25T12:00:00Z", "2014-04-25T00:00:00Z", "2014-03-25T12:00:00Z", "2014-02-24T00:00:00Z", "2014-01-25T12:00:00Z", "2013-12-25T12:00:00Z", "2013-11-25T00:00:00Z", "2013-10-25T12:00:00Z", "2013-09-25T00:00:00Z", "2013-08-25T12:00:00Z", "2013-07-25T12:00:00Z", "2013-06-25T00:00:00Z", "2013-05-25T12:00:00Z", "2013-04-25T00:00:00Z", "2013-03-25T12:00:00Z", "2013-02-24T00:00:00Z", "2013-01-25T12:00:00Z", "2012-12-25T12:00:00Z", "2012-11-25T00:00:00Z", "2012-10-25T12:00:00Z", "2012-09-25T00:00:00Z", "2012-08-25T12:00:00Z", "2012-07-25T12:00:00Z", "2012-06-25T00:00:00Z", "2012-05-25T12:00:00Z", "2012-04-25T00:00:00Z", "2012-03-25T12:00:00Z", "2012-02-24T12:00:00Z", "2012-01-25T12:00:00Z", "2011-12-25T12:00:00Z", "2011-11-25T00:00:00Z", "2011-10-25T12:00:00Z", "2011-09-25T00:00:00Z", "2011-08-25T12:00:00Z", "2011-07-25T12:00:00Z", "2011-06-25T00:00:00Z", "2011-05-25T12:00:00Z", "2011-04-25T00:00:00Z", "2011-03-25T12:00:00Z", "2011-02-24T00:00:00Z", "2011-01-25T12:00:00Z", "2010-12-25T12:00:00Z", "2010-11-25T00:00:00Z", "2010-10-25T12:00:00Z", "2010-09-25T00:00:00Z", "2010-08-25T12:00:00Z", "2010-07-25T12:00:00Z", "2010-06-25T00:00:00Z", "2010-05-25T12:00:00Z", "2010-04-25T00:00:00Z", "2010-03-25T12:00:00Z", "2010-02-24T00:00:00Z", "2010-01-25T12:00:00Z", "2009-12-25T12:00:00Z", "2009-11-25T00:00:00Z", "2009-10-25T12:00:00Z", "2009-09-25T00:00:00Z", "2009-08-25T12:00:00Z", "2009-07-25T12:00:00Z", "2009-06-25T00:00:00Z", "2009-05-25T12:00:00Z", "2009-04-25T00:00:00Z", "2009-03-25T12:00:00Z", "2009-02-24T00:00:00Z", "2009-01-25T12:00:00Z", "2008-12-25T12:00:00Z", "2008-11-25T00:00:00Z", "2008-10-25T12:00:00Z", "2008-09-25T00:00:00Z", "2008-08-25T12:00:00Z"], "y": [22.0, 77.0, 23.0, 122.0, 90.0, 116.0, 387.0, 567.0, 168.0, 193.0, 398.0, 675.0, 247.0, 128.0, 105.0, 117.0, 414.0, 531.0, 324.0, 775.0, 152.0, 70.0, 84.0, 100.0, 64.0, 1.0, 101.0, 224.0, 122.0, 48.0, 29.0, 25.0, 25.0, 12.0, 67.0, 18.0, 190.0, 22.0, 40.0, 22.0, 2.0, 5.0, 12.0, 4.0, 1.0, 0.0, 10.0, 41.0, 25.0, 8.0, 1.0, 7.0, 7.0, 34.0, 50.0, 73.0, 8.0, 0.0, 7.0, 0.0, 0.0, 0.0, 0.0, 0.0, 0.0, 1.0, 0.0, 0.0, 0.0, 1.0, 0.0, 0.0, 3.0, 0.0, 0.0, 0.0, 0.0, 0.0, 0.0, 1.0, 0.0, 2.0, 0.0, 0.0], "type": "bar", "xaxis": "x", "yaxis": "y2"}], "layout": {"xaxis": {"anchor": "y", "domain": [0.0, 0.94], "title": {"text": "Date of Last Edit"}, "minor": {"ticks": "inside", "dtick": "M1", "tickcolor": "rgba(128,128,128,0.66)"}, "ticklabelmode": "period", "tickformat": "%b %Y", "ticks": "outside", "tick0": "2008-09-10T00:00:00Z"}, "yaxis": {"anchor": "x", "domain": [0.0, 1.0], "title": {"text": "Features [%]"}, "tickformatstops": [{"dtickrange": [null, 0.001], "value": ".2%"}, {"dtickrange": [0.001, 0.01], "value": ".1%"}, {"dtickrange": [0.01, 0.1], "value": ".0%"}, {"dtickrange": [0.1, null], "value": ".0%"}]}, "yaxis2": {"anchor": "x", "overlaying": "y", "side": "right", "title": {"text": "Features [#]"}, "tickformat": ".", "griddash": "dash"}, "title": {"text": "Currentness"}, "legend": {"title": {"text": "Last Edit to a Feature"}, "x": 0.02, "y": 0.95, "bgcolor": "rgba(255,255,255,0.66)"}}}
