{
    "data": [
        {
            "hoverinfo": "none",
            "labels": [
                "The creation of the Indicator was unsuccessful."
            ],
            "marker": {
                "colors": [
                    "rgba(0, 0, 0, 0)"
                ]
            },
            "textposition": "inside",
            "texttemplate": "%{label}",
            "type": "pie",
            "values": [
                1
            ]
        }
    ],
    "layout": {
        "paper_bgcolor": "white",
        "plot_bgcolor": "white",
        "showlegend": false,
        "title": {
            "text": "Building Comparison"
        }
    }
}
