20.0% of all "buildings (count)" features (all: 10 elements) in your area of interest have the selected additional attribute Height (matched: 2 elements). 
