In the area of interest 55% of the 29931 features were edited (created or modified) for the last time in the period between 02 Feb 2022 and 02 Feb 2025.
Most features are up-to-date.
