{
    "data": [
        {
            "hovertemplate": "CORINE class: Pastures<br>OSM class: Other<br>Area [km<sup>2</sup>]: 3.7802111655478488<br>Area [%]: 49.01%",
            "legendrank": 3,
            "marker": {
                "color": "lightgrey"
            },
            "name": "False Negative",
            "orientation": "h",
            "textposition": "inside",
            "texttemplate": "49.01%",
            "type": "bar",
            "width": [
                0.5
            ],
            "x": [
                0.49010079592909495
            ],
            "y": [
                1
            ]
        },
        {
            "hovertemplate": "CORINE class: Pastures<br>OSM class: Pastures<br>Area [km<sup>2</sup>]: 2.9325004219566955<br>Area [%]: 38.02%",
            "legendrank": 2,
            "marker": {
                "color": "#21BA45"
            },
            "name": "True Positive",
            "orientation": "h",
            "textposition": "inside",
            "texttemplate": "38.02%",
            "type": "bar",
            "width": [
                0.5
            ],
            "x": [
                0.3801959012136544
            ],
            "y": [
                1
            ]
        },
        {
            "hovertemplate": "CORINE class: Other<br>OSM class: Pastures<br>Area [km<sup>2</sup>]: 1.000418439925055<br>Area [%]: 12.97%",
            "legendrank": 1,
            "marker": {
                "color": "#767676"
            },
            "name": "False Positive",
            "orientation": "h",
            "textposition": "inside",
            "texttemplate": "12.97%",
            "type": "bar",
            "width": [
                0.5
            ],
            "x": [
                0.12970330285725062
            ],
            "y": [
                1
            ]
        }
    ],
    "layout": {
        "barmode": "stack",
        "legend": {
            "orientation": "h",
            "x": 0,
            "y": 0.2,
            "yanchor": "top"
        },
        "plot_bgcolor": "rgba(0, 0, 0, 0)",
        "xaxis": {
            "visible": false
        },
        "yaxis": {
            "visible": false
        }
    }
}
