{"data": [{"line": {"color": "#2185D0"}, "name": "OSM data", "x": ["2008-01-01T00:00:00Z", "2008-02-01T00:00:00Z", "2008-03-01T00:00:00Z", "2008-04-01T00:00:00Z", "2008-05-01T00:00:00Z", "2008-06-01T00:00:00Z", "2008-07-01T00:00:00Z", "2008-08-01T00:00:00Z", "2008-09-01T00:00:00Z", "2008-10-01T00:00:00Z", "2008-11-01T00:00:00Z", "2008-12-01T00:00:00Z", "2009-01-01T00:00:00Z", "2009-02-01T00:00:00Z", "2009-03-01T00:00:00Z", "2009-04-01T00:00:00Z", "2009-05-01T00:00:00Z", "2009-06-01T00:00:00Z", "2009-07-01T00:00:00Z", "2009-08-01T00:00:00Z", "2009-09-01T00:00:00Z", "2009-10-01T00:00:00Z", "2009-11-01T00:00:00Z", "2009-12-01T00:00:00Z", "2010-01-01T00:00:00Z", "2010-02-01T00:00:00Z", "2010-03-01T00:00:00Z", "2010-04-01T00:00:00Z", "2010-05-01T00:00:00Z", "2010-06-01T00:00:00Z", "2010-07-01T00:00:00Z", "2010-08-01T00:00:00Z", "2010-09-01T00:00:00Z", "2010-10-01T00:00:00Z", "2010-11-01T00:00:00Z", "2010-12-01T00:00:00Z", "2011-01-01T00:00:00Z", "2011-02-01T00:00:00Z", "2011-03-01T00:00:00Z", "2011-04-01T00:00:00Z", "2011-05-01T00:00:00Z", "2011-06-01T00:00:00Z", "2011-07-01T00:00:00Z", "2011-08-01T00:00:00Z", "2011-09-01T00:00:00Z", "2011-10-01T00:00:00Z", "2011-11-01T00:00:00Z", "2011-12-01T00:00:00Z", "2012-01-01T00:00:00Z", "2012-02-01T00:00:00Z", "2012-03-01T00:00:00Z", "2012-04-01T00:00:00Z", "2012-05-01T00:00:00Z", "2012-06-01T00:00:00Z", "2012-07-01T00:00:00Z", "2012-08-01T00:00:00Z", "2012-09-01T00:00:00Z", "2012-10-01T00:00:00Z", "2012-11-01T00:00:00Z", "2012-12-01T00:00:00Z", "2013-01-01T00:00:00Z", "2013-02-01T00:00:00Z", "2013-03-01T00:00:00Z", "2013-04-01T00:00:00Z", "2013-05-01T00:00:00Z", "2013-06-01T00:00:00Z", "2013-07-01T00:00:00Z", "2013-08-01T00:00:00Z", "2013-09-01T00:00:00Z", "2013-10-01T00:00:00Z", "2013-11-01T00:00:00Z", "2013-12-01T00:00:00Z", "2014-01-01T00:00:00Z", "2014-02-01T00:00:00Z", "2014-03-01T00:00:00Z", "2014-04-01T00:00:00Z", "2014-05-01T00:00:00Z", "2014-06-01T00:00:00Z", "2014-07-01T00:00:00Z", "2014-08-01T00:00:00Z", "2014-09-01T00:00:00Z", "2014-10-01T00:00:00Z", "2014-11-01T00:00:00Z", "2014-12-01T00:00:00Z", "2015-01-01T00:00:00Z", "2015-02-01T00:00:00Z", "2015-03-01T00:00:00Z", "2015-04-01T00:00:00Z", "2015-05-01T00:00:00Z", "2015-06-01T00:00:00Z", "2015-07-01T00:00:00Z", "2015-08-01T00:00:00Z", "2015-09-01T00:00:00Z", "2015-10-01T00:00:00Z", "2015-11-01T00:00:00Z", "2015-12-01T00:00:00Z", "2016-01-01T00:00:00Z", "2016-02-01T00:00:00Z", "2016-03-01T00:00:00Z", "2016-04-01T00:00:00Z", "2016-05-01T00:00:00Z", "2016-06-01T00:00:00Z", "2016-07-01T00:00:00Z", "2016-08-01T00:00:00Z", "2016-09-01T00:00:00Z", "2016-10-01T00:00:00Z", "2016-11-01T00:00:00Z", "2016-12-01T00:00:00Z", "2017-01-01T00:00:00Z", "2017-02-01T00:00:00Z", "2017-03-01T00:00:00Z", "2017-04-01T00:00:00Z", "2017-05-01T00:00:00Z", "2017-06-01T00:00:00Z", "2017-07-01T00:00:00Z", "2017-08-01T00:00:00Z", "2017-09-01T00:00:00Z", "2017-10-01T00:00:00Z", "2017-11-01T00:00:00Z", "2017-12-01T00:00:00Z", "2018-01-01T00:00:00Z", "2018-02-01T00:00:00Z", "2018-03-01T00:00:00Z", "2018-04-01T00:00:00Z", "2018-05-01T00:00:00Z", "2018-06-01T00:00:00Z", "2018-07-01T00:00:00Z", "2018-08-01T00:00:00Z", "2018-09-01T00:00:00Z", "2018-10-01T00:00:00Z", "2018-11-01T00:00:00Z", "2018-12-01T00:00:00Z", "2019-01-01T00:00:00Z", "2019-02-01T00:00:00Z", "2019-03-01T00:00:00Z", "2019-04-01T00:00:00Z", "2019-05-01T00:00:00Z", "2019-06-01T00:00:00Z", "2019-07-01T00:00:00Z", "2019-08-01T00:00:00Z", "2019-09-01T00:00:00Z", "2019-10-01T00:00:00Z", "2019-11-01T00:00:00Z", "2019-12-01T00:00:00Z", "2020-01-01T00:00:00Z", "2020-02-01T00:00:00Z", "2020-03-01T00:00:00Z", "2020-04-01T00:00:00Z", "2020-05-01T00:00:00Z", "2020-06-01T00:00:00Z", "2020-07-01T00:00:00Z", "2020-08-01T00:00:00Z", "2020-09-01T00:00:00Z", "2020-10-01T00:00:00Z", "2020-11-01T00:00:00Z", "2020-12-01T00:00:00Z", "2021-01-01T00:00:00Z", "2021-02-01T00:00:00Z", "2021-03-01T00:00:00Z", "2021-04-01T00:00:00Z", "2021-05-01T00:00:00Z", "2021-06-01T00:00:00Z", "2021-07-01T00:00:00Z", "2021-08-01T00:00:00Z", "2021-09-01T00:00:00Z", "2021-10-01T00:00:00Z", "2021-11-01T00:00:00Z", "2021-12-01T00:00:00Z", "2022-01-01T00:00:00Z", "2022-02-01T00:00:00Z", "2022-03-01T00:00:00Z", "2022-04-01T00:00:00Z", "2022-05-01T00:00:00Z", "2022-06-01T00:00:00Z", "2022-07-01T00:00:00Z", "2022-08-01T00:00:00Z", "2022-09-01T00:00:00Z", "2022-10-01T00:00:00Z", "2022-11-01T00:00:00Z", "2022-12-01T00:00:00Z", "2023-01-01T00:00:00Z", "2023-02-01T00:00:00Z", "2023-03-01T00:00:00Z", "2023-04-01T00:00:00Z", "2023-05-01T00:00:00Z", "2023-06-01T00:00:00Z", "2023-07-01T00:00:00Z", "2023-08-01T00:00:00Z"], "y": [1.0, 1.0, 1.0, 1.0, 1.0, 4.0, 44.0, 114.0, 226.0, 240.0, 250.0, 264.0, 270.0, 273.0, 277.0, 296.0, 304.0, 305.0, 424.0, 428.0, 470.0, 480.0, 496.0, 500.0, 541.0, 553.0, 555.0, 605.0, 608.0, 629.0, 635.0, 653.0, 658.0, 693.0, 693.0, 1009.0, 5662.0, 7188.0, 8545.0, 8721.0, 8918.0, 8971.0, 9216.0, 9335.0, 9593.0, 9644.0, 9657.0, 9696.0, 9991.0, 10337.0, 10441.0, 10457.0, 10674.0, 10760.0, 10876.0, 11396.0, 11448.0, 11636.0, 11685.0, 11847.0, 11933.0, 12159.0, 12438.0, 13211.0, 13883.0, 14785.0, 14874.0, 14991.0, 15171.0, 15479.0, 15886.0, 17034.0, 18142.0, 19207.0, 20021.0, 20698.0, 21002.0, 21114.0, 21305.0, 22057.0, 22262.0, 22424.0, 22602.0, 22655.0, 22893.0, 22943.0, 23010.0, 23054.0, 23104.0, 23124.0, 23195.0, 23217.0, 23358.0, 23385.0, 23440.0, 23527.0, 23595.0, 24197.0, 24201.0, 24352.0, 24530.0, 25042.0, 25084.0, 25261.0, 25641.0, 25651.0, 25699.0, 25716.0, 25842.0, 25935.0, 25939.0, 25978.0, 26076.0, 26146.0, 26317.0, 26306.0, 26350.0, 26389.0, 26415.0, 26642.0, 26729.0, 27613.0, 28067.0, 28128.0, 28173.0, 28176.0, 28181.0, 28182.0, 28182.0, 28185.0, 28231.0, 28273.0, 28317.0, 28335.0, 28346.0, 28388.0, 28411.0, 28480.0, 28479.0, 28476.0, 28495.0, 28505.0, 28509.0, 28529.0, 28538.0, 28542.0, 28556.0, 28585.0, 28614.0, 28709.0, 28731.0, 28756.0, 28759.0, 28814.0, 28828.0, 28838.0, 28835.0, 28845.0, 28905.0, 28900.0, 28900.0, 28965.0, 28973.0, 28979.0, 29004.0, 29007.0, 28999.0, 29074.0, 29150.0, 29234.0, 29312.0, 29480.0, 29513.0, 29537.0, 29563.0, 29574.0, 29601.0, 29602.0, 29607.0, 29615.0, 29628.0, 29650.0, 29658.0, 29775.0, 29721.0, 29786.0, 29870.0, 29934.0], "type": "scatter"}, {"line": {"color": "#DB2828"}, "name": "Modelled saturation curve", "x": ["2008-01-01T00:00:00Z", "2008-02-01T00:00:00Z", "2008-03-01T00:00:00Z", "2008-04-01T00:00:00Z", "2008-05-01T00:00:00Z", "2008-06-01T00:00:00Z", "2008-07-01T00:00:00Z", "2008-08-01T00:00:00Z", "2008-09-01T00:00:00Z", "2008-10-01T00:00:00Z", "2008-11-01T00:00:00Z", "2008-12-01T00:00:00Z", "2009-01-01T00:00:00Z", "2009-02-01T00:00:00Z", "2009-03-01T00:00:00Z", "2009-04-01T00:00:00Z", "2009-05-01T00:00:00Z", "2009-06-01T00:00:00Z", "2009-07-01T00:00:00Z", "2009-08-01T00:00:00Z", "2009-09-01T00:00:00Z", "2009-10-01T00:00:00Z", "2009-11-01T00:00:00Z", "2009-12-01T00:00:00Z", "2010-01-01T00:00:00Z", "2010-02-01T00:00:00Z", "2010-03-01T00:00:00Z", "2010-04-01T00:00:00Z", "2010-05-01T00:00:00Z", "2010-06-01T00:00:00Z", "2010-07-01T00:00:00Z", "2010-08-01T00:00:00Z", "2010-09-01T00:00:00Z", "2010-10-01T00:00:00Z", "2010-11-01T00:00:00Z", "2010-12-01T00:00:00Z", "2011-01-01T00:00:00Z", "2011-02-01T00:00:00Z", "2011-03-01T00:00:00Z", "2011-04-01T00:00:00Z", "2011-05-01T00:00:00Z", "2011-06-01T00:00:00Z", "2011-07-01T00:00:00Z", "2011-08-01T00:00:00Z", "2011-09-01T00:00:00Z", "2011-10-01T00:00:00Z", "2011-11-01T00:00:00Z", "2011-12-01T00:00:00Z", "2012-01-01T00:00:00Z", "2012-02-01T00:00:00Z", "2012-03-01T00:00:00Z", "2012-04-01T00:00:00Z", "2012-05-01T00:00:00Z", "2012-06-01T00:00:00Z", "2012-07-01T00:00:00Z", "2012-08-01T00:00:00Z", "2012-09-01T00:00:00Z", "2012-10-01T00:00:00Z", "2012-11-01T00:00:00Z", "2012-12-01T00:00:00Z", "2013-01-01T00:00:00Z", "2013-02-01T00:00:00Z", "2013-03-01T00:00:00Z", "2013-04-01T00:00:00Z", "2013-05-01T00:00:00Z", "2013-06-01T00:00:00Z", "2013-07-01T00:00:00Z", "2013-08-01T00:00:00Z", "2013-09-01T00:00:00Z", "2013-10-01T00:00:00Z", "2013-11-01T00:00:00Z", "2013-12-01T00:00:00Z", "2014-01-01T00:00:00Z", "2014-02-01T00:00:00Z", "2014-03-01T00:00:00Z", "2014-04-01T00:00:00Z", "2014-05-01T00:00:00Z", "2014-06-01T00:00:00Z", "2014-07-01T00:00:00Z", "2014-08-01T00:00:00Z", "2014-09-01T00:00:00Z", "2014-10-01T00:00:00Z", "2014-11-01T00:00:00Z", "2014-12-01T00:00:00Z", "2015-01-01T00:00:00Z", "2015-02-01T00:00:00Z", "2015-03-01T00:00:00Z", "2015-04-01T00:00:00Z", "2015-05-01T00:00:00Z", "2015-06-01T00:00:00Z", "2015-07-01T00:00:00Z", "2015-08-01T00:00:00Z", "2015-09-01T00:00:00Z", "2015-10-01T00:00:00Z", "2015-11-01T00:00:00Z", "2015-12-01T00:00:00Z", "2016-01-01T00:00:00Z", "2016-02-01T00:00:00Z", "2016-03-01T00:00:00Z", "2016-04-01T00:00:00Z", "2016-05-01T00:00:00Z", "2016-06-01T00:00:00Z", "2016-07-01T00:00:00Z", "2016-08-01T00:00:00Z", "2016-09-01T00:00:00Z", "2016-10-01T00:00:00Z", "2016-11-01T00:00:00Z", "2016-12-01T00:00:00Z", "2017-01-01T00:00:00Z", "2017-02-01T00:00:00Z", "2017-03-01T00:00:00Z", "2017-04-01T00:00:00Z", "2017-05-01T00:00:00Z", "2017-06-01T00:00:00Z", "2017-07-01T00:00:00Z", "2017-08-01T00:00:00Z", "2017-09-01T00:00:00Z", "2017-10-01T00:00:00Z", "2017-11-01T00:00:00Z", "2017-12-01T00:00:00Z", "2018-01-01T00:00:00Z", "2018-02-01T00:00:00Z", "2018-03-01T00:00:00Z", "2018-04-01T00:00:00Z", "2018-05-01T00:00:00Z", "2018-06-01T00:00:00Z", "2018-07-01T00:00:00Z", "2018-08-01T00:00:00Z", "2018-09-01T00:00:00Z", "2018-10-01T00:00:00Z", "2018-11-01T00:00:00Z", "2018-12-01T00:00:00Z", "2019-01-01T00:00:00Z", "2019-02-01T00:00:00Z", "2019-03-01T00:00:00Z", "2019-04-01T00:00:00Z", "2019-05-01T00:00:00Z", "2019-06-01T00:00:00Z", "2019-07-01T00:00:00Z", "2019-08-01T00:00:00Z", "2019-09-01T00:00:00Z", "2019-10-01T00:00:00Z", "2019-11-01T00:00:00Z", "2019-12-01T00:00:00Z", "2020-01-01T00:00:00Z", "2020-02-01T00:00:00Z", "2020-03-01T00:00:00Z", "2020-04-01T00:00:00Z", "2020-05-01T00:00:00Z", "2020-06-01T00:00:00Z", "2020-07-01T00:00:00Z", "2020-08-01T00:00:00Z", "2020-09-01T00:00:00Z", "2020-10-01T00:00:00Z", "2020-11-01T00:00:00Z", "2020-12-01T00:00:00Z", "2021-01-01T00:00:00Z", "2021-02-01T00:00:00Z", "2021-03-01T00:00:00Z", "2021-04-01T00:00:00Z", "2021-05-01T00:00:00Z", "2021-06-01T00:00:00Z", "2021-07-01T00:00:00Z", "2021-08-01T00:00:00Z", "2021-09-01T00:00:00Z", "2021-10-01T00:00:00Z", "2021-11-01T00:00:00Z", "2021-12-01T00:00:00Z", "2022-01-01T00:00:00Z", "2022-02-01T00:00:00Z", "2022-03-01T00:00:00Z", "2022-04-01T00:00:00Z", "2022-05-01T00:00:00Z", "2022-06-01T00:00:00Z", "2022-07-01T00:00:00Z", "2022-08-01T00:00:00Z", "2022-09-01T00:00:00Z", "2022-10-01T00:00:00Z", "2022-11-01T00:00:00Z", "2022-12-01T00:00:00Z", "2023-01-01T00:00:00Z", "2023-02-01T00:00:00Z", "2023-03-01T00:00:00Z", "2023-04-01T00:00:00Z", "2023-05-01T00:00:00Z", "2023-06-01T00:00:00Z", "2023-07-01T00:00:00Z", "2023-08-01T00:00:00Z"], "y": [-1357.4750552924845, -1275.8885820048254, -1190.7232682626413, -1101.8448173476174, -1009.1160460508299, -912.3970399273012, -811.5453353950593, -706.4161305996199, -596.8625269768381, -482.7358034402523, -363.88572509026517, -240.16088828856437, -111.40910385893721, 22.522179938601766, 161.78541316284782, 306.5324373663552, 456.9139351113622, 613.0788350233406, 775.1736719026562, 943.3419017891365, 1117.7231723013629, 1298.4525490531323, 1485.6596994843985, 1679.4680360323182, 1879.9938212079633, 2087.3452378327374, 2301.62142842068, 2522.911508462479, 2751.293559165837, 2986.833606024985, 3229.5845904174703, 3479.585342245233, 3736.8595624333975, 4001.4148248569973, 4273.24160796363, 4552.312366978963, 4838.580658100576, 5131.980326482728, 5432.424770068552, 5739.806291416755, 6053.995549577821, 6374.841123783324, 6702.169200207401, 7035.783392331781, 7375.46470448937, 7720.971646975997, 8072.040509710843, 8428.385799804775, 8789.700846580112, 9155.658575599433, 9525.912451135368, 9900.097584283776, 10277.832001630866, 10658.718067075157, 11042.344047126924, 11428.285807809682, 11816.108629221057, 12205.369121922331, 12595.6172276625, 12986.398285545129, 13377.255143649585, 13767.730295350302, 14157.368019158446, 14545.716500850373, 14932.32991694834, 15316.77045927315, 15698.610281278885, 16077.433348181381, 16452.837174471817, 16824.43443422511, 17191.854431626216, 17554.74442129745, 17912.77077026733, 18265.619955726055, 18612.999395015722, 18954.63810655838, 19290.287202589163, 19619.72021659787, 19942.733270257217, 20259.1450863041, 20568.796855320994, 20871.551965625236, 21167.295606506155, 21455.934255853164, 21737.395063795633, 22011.625144335663, 22278.59078711157, 22538.27660139759, 22790.684604243444, 23035.833264305194, 23273.756512438315, 23504.50272953574, 23728.133721419625, 23944.723689856368, 24154.35820797884, 24357.13320758675, 24553.15398497112, 24742.534231086847, 24925.3950910911, 25101.864257484704, 25272.07510034867, 25436.165837464127, 25594.278746447762, 25746.55942042902, 25893.1560682427, 26034.218859611967, 26169.899315352108, 26300.34974223379, 26425.72271180428, 26546.170582173752, 26661.845061528962, 26772.89681193462, 26879.475091820954, 26981.727435430428, 27079.79936740422, 27173.83415062588, 27263.972565403263, 27350.352718055437, 27433.10987697814, 27512.37633428383, 27588.281291150448, 27660.950765062087, 27730.5075171841, 27797.070998181927, 27860.75731086557, 27921.679188118494, 27979.945984649672, 28035.663681188707, 28088.934899826105, 28139.858929282324, 28188.531758970024, 28235.04612079255, 28279.49153769883, 28321.954378088558, 28362.51791523318, 28401.262390945958, 28438.26508279939, 28473.60037424955, 28507.339827084896, 28539.55225567169, 28570.30380251895, 28599.658014733992, 28627.675920983664, 28654.416108617883, 28679.934800650113, 28704.28593232497, 28727.521227035246, 28749.690271380805, 28770.840589189032, 28791.017714341455, 28810.26526227398, 28828.625000038912, 28846.136914835522, 28862.83928093319, 28878.768724926063, 28893.960289272272, 28908.447494082837, 28922.262397136416, 28935.435652105938, 28947.996564991772, 28959.97314876365, 28971.392176220503, 28982.279231082983, 28992.65875733881, 29002.554106865216, 29011.9875853568, 29020.980496590066, 29029.55318505871, 29037.725077016, 29045.514719962113, 29052.93982061612, 29060.01728141294, 29066.763235566745, 29073.19308074263, 29079.321511378585, 29085.162549700162, 29090.72957546974, 29096.035354512445, 29101.092066060013, 29105.91132895368, 29110.50422674631, 29114.881331743545, 29119.052728022656, 29123.02803346729, 29126.816420855204, 29130.42663803519, 29133.867027228473, 29137.145543488983], "type": "scatter"}, {"hovertext": "Estimated total data: 29203.397135730902", "line": {"color": "#DB2828", "dash": "dash"}, "name": "Estimated total data", "showlegend": true, "x": ["2008-01-01T00:00:00Z", "2008-02-01T00:00:00Z", "2008-03-01T00:00:00Z", "2008-04-01T00:00:00Z", "2008-05-01T00:00:00Z", "2008-06-01T00:00:00Z", "2008-07-01T00:00:00Z", "2008-08-01T00:00:00Z", "2008-09-01T00:00:00Z", "2008-10-01T00:00:00Z", "2008-11-01T00:00:00Z", "2008-12-01T00:00:00Z", "2009-01-01T00:00:00Z", "2009-02-01T00:00:00Z", "2009-03-01T00:00:00Z", "2009-04-01T00:00:00Z", "2009-05-01T00:00:00Z", "2009-06-01T00:00:00Z", "2009-07-01T00:00:00Z", "2009-08-01T00:00:00Z", "2009-09-01T00:00:00Z", "2009-10-01T00:00:00Z", "2009-11-01T00:00:00Z", "2009-12-01T00:00:00Z", "2010-01-01T00:00:00Z", "2010-02-01T00:00:00Z", "2010-03-01T00:00:00Z", "2010-04-01T00:00:00Z", "2010-05-01T00:00:00Z", "2010-06-01T00:00:00Z", "2010-07-01T00:00:00Z", "2010-08-01T00:00:00Z", "2010-09-01T00:00:00Z", "2010-10-01T00:00:00Z", "2010-11-01T00:00:00Z", "2010-12-01T00:00:00Z", "2011-01-01T00:00:00Z", "2011-02-01T00:00:00Z", "2011-03-01T00:00:00Z", "2011-04-01T00:00:00Z", "2011-05-01T00:00:00Z", "2011-06-01T00:00:00Z", "2011-07-01T00:00:00Z", "2011-08-01T00:00:00Z", "2011-09-01T00:00:00Z", "2011-10-01T00:00:00Z", "2011-11-01T00:00:00Z", "2011-12-01T00:00:00Z", "2012-01-01T00:00:00Z", "2012-02-01T00:00:00Z", "2012-03-01T00:00:00Z", "2012-04-01T00:00:00Z", "2012-05-01T00:00:00Z", "2012-06-01T00:00:00Z", "2012-07-01T00:00:00Z", "2012-08-01T00:00:00Z", "2012-09-01T00:00:00Z", "2012-10-01T00:00:00Z", "2012-11-01T00:00:00Z", "2012-12-01T00:00:00Z", "2013-01-01T00:00:00Z", "2013-02-01T00:00:00Z", "2013-03-01T00:00:00Z", "2013-04-01T00:00:00Z", "2013-05-01T00:00:00Z", "2013-06-01T00:00:00Z", "2013-07-01T00:00:00Z", "2013-08-01T00:00:00Z", "2013-09-01T00:00:00Z", "2013-10-01T00:00:00Z", "2013-11-01T00:00:00Z", "2013-12-01T00:00:00Z", "2014-01-01T00:00:00Z", "2014-02-01T00:00:00Z", "2014-03-01T00:00:00Z", "2014-04-01T00:00:00Z", "2014-05-01T00:00:00Z", "2014-06-01T00:00:00Z", "2014-07-01T00:00:00Z", "2014-08-01T00:00:00Z", "2014-09-01T00:00:00Z", "2014-10-01T00:00:00Z", "2014-11-01T00:00:00Z", "2014-12-01T00:00:00Z", "2015-01-01T00:00:00Z", "2015-02-01T00:00:00Z", "2015-03-01T00:00:00Z", "2015-04-01T00:00:00Z", "2015-05-01T00:00:00Z", "2015-06-01T00:00:00Z", "2015-07-01T00:00:00Z", "2015-08-01T00:00:00Z", "2015-09-01T00:00:00Z", "2015-10-01T00:00:00Z", "2015-11-01T00:00:00Z", "2015-12-01T00:00:00Z", "2016-01-01T00:00:00Z", "2016-02-01T00:00:00Z", "2016-03-01T00:00:00Z", "2016-04-01T00:00:00Z", "2016-05-01T00:00:00Z", "2016-06-01T00:00:00Z", "2016-07-01T00:00:00Z", "2016-08-01T00:00:00Z", "2016-09-01T00:00:00Z", "2016-10-01T00:00:00Z", "2016-11-01T00:00:00Z", "2016-12-01T00:00:00Z", "2017-01-01T00:00:00Z", "2017-02-01T00:00:00Z", "2017-03-01T00:00:00Z", "2017-04-01T00:00:00Z", "2017-05-01T00:00:00Z", "2017-06-01T00:00:00Z", "2017-07-01T00:00:00Z", "2017-08-01T00:00:00Z", "2017-09-01T00:00:00Z", "2017-10-01T00:00:00Z", "2017-11-01T00:00:00Z", "2017-12-01T00:00:00Z", "2018-01-01T00:00:00Z", "2018-02-01T00:00:00Z", "2018-03-01T00:00:00Z", "2018-04-01T00:00:00Z", "2018-05-01T00:00:00Z", "2018-06-01T00:00:00Z", "2018-07-01T00:00:00Z", "2018-08-01T00:00:00Z", "2018-09-01T00:00:00Z", "2018-10-01T00:00:00Z", "2018-11-01T00:00:00Z", "2018-12-01T00:00:00Z", "2019-01-01T00:00:00Z", "2019-02-01T00:00:00Z", "2019-03-01T00:00:00Z", "2019-04-01T00:00:00Z", "2019-05-01T00:00:00Z", "2019-06-01T00:00:00Z", "2019-07-01T00:00:00Z", "2019-08-01T00:00:00Z", "2019-09-01T00:00:00Z", "2019-10-01T00:00:00Z", "2019-11-01T00:00:00Z", "2019-12-01T00:00:00Z", "2020-01-01T00:00:00Z", "2020-02-01T00:00:00Z", "2020-03-01T00:00:00Z", "2020-04-01T00:00:00Z", "2020-05-01T00:00:00Z", "2020-06-01T00:00:00Z", "2020-07-01T00:00:00Z", "2020-08-01T00:00:00Z", "2020-09-01T00:00:00Z", "2020-10-01T00:00:00Z", "2020-11-01T00:00:00Z", "2020-12-01T00:00:00Z", "2021-01-01T00:00:00Z", "2021-02-01T00:00:00Z", "2021-03-01T00:00:00Z", "2021-04-01T00:00:00Z", "2021-05-01T00:00:00Z", "2021-06-01T00:00:00Z", "2021-07-01T00:00:00Z", "2021-08-01T00:00:00Z", "2021-09-01T00:00:00Z", "2021-10-01T00:00:00Z", "2021-11-01T00:00:00Z", "2021-12-01T00:00:00Z", "2022-01-01T00:00:00Z", "2022-02-01T00:00:00Z", "2022-03-01T00:00:00Z", "2022-04-01T00:00:00Z", "2022-05-01T00:00:00Z", "2022-06-01T00:00:00Z", "2022-07-01T00:00:00Z", "2022-08-01T00:00:00Z", "2022-09-01T00:00:00Z", "2022-10-01T00:00:00Z", "2022-11-01T00:00:00Z", "2022-12-01T00:00:00Z", "2023-01-01T00:00:00Z", "2023-02-01T00:00:00Z", "2023-03-01T00:00:00Z", "2023-04-01T00:00:00Z", "2023-05-01T00:00:00Z", "2023-06-01T00:00:00Z", "2023-07-01T00:00:00Z", "2023-08-01T00:00:00Z"], "y": [29203.397135730902, 29203.397135730902, 29203.397135730902, 29203.397135730902, 29203.397135730902, 29203.397135730902, 29203.397135730902, 29203.397135730902, 29203.397135730902, 29203.397135730902, 29203.397135730902, 29203.397135730902, 29203.397135730902, 29203.397135730902, 29203.397135730902, 29203.397135730902, 29203.397135730902, 29203.397135730902, 29203.397135730902, 29203.397135730902, 29203.397135730902, 29203.397135730902, 29203.397135730902, 29203.397135730902, 29203.397135730902, 29203.397135730902, 29203.397135730902, 29203.397135730902, 29203.397135730902, 29203.397135730902, 29203.397135730902, 29203.397135730902, 29203.397135730902, 29203.397135730902, 29203.397135730902, 29203.397135730902, 29203.397135730902, 29203.397135730902, 29203.397135730902, 29203.397135730902, 29203.397135730902, 29203.397135730902, 29203.397135730902, 29203.397135730902, 29203.397135730902, 29203.397135730902, 29203.397135730902, 29203.397135730902, 29203.397135730902, 29203.397135730902, 29203.397135730902, 29203.397135730902, 29203.397135730902, 29203.397135730902, 29203.397135730902, 29203.397135730902, 29203.397135730902, 29203.397135730902, 29203.397135730902, 29203.397135730902, 29203.397135730902, 29203.397135730902, 29203.397135730902, 29203.397135730902, 29203.397135730902, 29203.397135730902, 29203.397135730902, 29203.397135730902, 29203.397135730902, 29203.397135730902, 29203.397135730902, 29203.397135730902, 29203.397135730902, 29203.397135730902, 29203.397135730902, 29203.397135730902, 29203.397135730902, 29203.397135730902, 29203.397135730902, 29203.397135730902, 29203.397135730902, 29203.397135730902, 29203.397135730902, 29203.397135730902, 29203.397135730902, 29203.397135730902, 29203.397135730902, 29203.397135730902, 29203.397135730902, 29203.397135730902, 29203.397135730902, 29203.397135730902, 29203.397135730902, 29203.397135730902, 29203.397135730902, 29203.397135730902, 29203.397135730902, 29203.397135730902, 29203.397135730902, 29203.397135730902, 29203.397135730902, 29203.397135730902, 29203.397135730902, 29203.397135730902, 29203.397135730902, 29203.397135730902, 29203.397135730902, 29203.397135730902, 29203.397135730902, 29203.397135730902, 29203.397135730902, 29203.397135730902, 29203.397135730902, 29203.397135730902, 29203.397135730902, 29203.397135730902, 29203.397135730902, 29203.397135730902, 29203.397135730902, 29203.397135730902, 29203.397135730902, 29203.397135730902, 29203.397135730902, 29203.397135730902, 29203.397135730902, 29203.397135730902, 29203.397135730902, 29203.397135730902, 29203.397135730902, 29203.397135730902, 29203.397135730902, 29203.397135730902, 29203.397135730902, 29203.397135730902, 29203.397135730902, 29203.397135730902, 29203.397135730902, 29203.397135730902, 29203.397135730902, 29203.397135730902, 29203.397135730902, 29203.397135730902, 29203.397135730902, 29203.397135730902, 29203.397135730902, 29203.397135730902, 29203.397135730902, 29203.397135730902, 29203.397135730902, 29203.397135730902, 29203.397135730902, 29203.397135730902, 29203.397135730902, 29203.397135730902, 29203.397135730902, 29203.397135730902, 29203.397135730902, 29203.397135730902, 29203.397135730902, 29203.397135730902, 29203.397135730902, 29203.397135730902, 29203.397135730902, 29203.397135730902, 29203.397135730902, 29203.397135730902, 29203.397135730902, 29203.397135730902, 29203.397135730902, 29203.397135730902, 29203.397135730902, 29203.397135730902, 29203.397135730902, 29203.397135730902, 29203.397135730902, 29203.397135730902, 29203.397135730902, 29203.397135730902, 29203.397135730902, 29203.397135730902, 29203.397135730902, 29203.397135730902, 29203.397135730902, 29203.397135730902, 29203.397135730902, 29203.397135730902, 29203.397135730902, 29203.397135730902], "type": "scatter"}], "layout": {"title": {"text": "Mapping Saturation"}, "xaxis": {"title": {"text": "Date"}, "ticks": "outside"}, "yaxis": {"title": {"text": "Count"}, "range": [1.0, 31430.7]}, "showlegend": true, "legend": {"x": 0.02, "y": 0.85, "bgcolor": "rgba(255,255,255,0.66)"}}}
