Please note that in the area of interest less than 25 features of the selected topic are present today. In the area of interest 52% of the 20 features were edited (created or modified) for the last time in the period between 10 Aug 2020 and 10 Aug 2023.
Most features are up-to-date.
