{"data": [{"domain": {"x": [0, 1], "y": [0, 1]}, "gauge": {"axis": {"range": [0, 100], "tickcolor": "darkblue", "tickfont": {"color": "black", "size": 20}, "ticksuffix": "%", "tickwidth": 1}, "bar": {"color": "black"}, "steps": [{"color": "tomato", "range": [0, 25.0]}, {"color": "gold", "range": [25.0, 75.0]}, {"color": "darkseagreen", "range": [75.0, 100]}]}, "mode": "gauge+number", "number": {"suffix": "%"}, "value": 39.847300000000004, "type": "indicator"}], "layout": {"font": {"color": "black", "family": "Arial"}, "xaxis": {"showgrid": false, "range": [-1, 1], "fixedrange": true, "visible": false}, "yaxis": {"showgrid": false, "range": [0, 1], "fixedrange": true, "visible": false}, "plot_bgcolor": "rgba(0,0,0,0)", "autosize": true}}
