39.8% of all "buildings (count)" features (all: 30263 elements) in your area of interest have the selected additional attribute height of buildings (matched: 12059 elements). 
