In the area of interest no features of the selected topic are present today.
