Die Sättigung der letzten 3 Jahre ist 99.61%. Hohe Sättigung ereicht (97% < Sättigung ≤ 100%).
