Calculate if mapping has saturated. High saturation has been reached if the growth of the fitted curve is minimal.
