39.8% of all "building count" features (all: 30263 elements) in your area of interest have the selected additional attributes Height (matched: 12059 elements). 
