MISSING_SCHEMA_NAME: line 1:15: Schema must be specified when session schema is not set
